Vivado Simulator v2024.2.0
Copyright 1986-2022 Xilinx, Inc. All Rights Reserved.
Copyright 2022-2024 Advanced Micro Devices, Inc. All Rights Reserved.
Running: /cad/xilinx/Vivado/2024.2/bin/unwrapped/lnx64.o/xelab --incr --debug typical --relax --mt 8 -L xil_defaultlib -L uvm -L unisims_ver -L unimacro_ver -L secureip --snapshot tb_ahb_ip_wrapper_dma_irq_behav xil_defaultlib.tb_ahb_ip_wrapper_dma_irq xil_defaultlib.glbl -log elaborate.log 
Using 8 slave threads.
Starting static elaboration
Pass Through NonSizing Optimizer
WARNING: [VRFC 10-3091] actual bit length 32 differs from formal bit length 16 for port 'ahb_haddr16' [/home/23EC01002/aftervac/wrapper_tb.sv:75]
WARNING: [VRFC 10-5021] port 'ahb_hprot' is not connected on this instance [/home/23EC01002/aftervac/wrapper_tb.sv:74]
Completed static elaboration
Starting simulation data flow analysis
WARNING: [XSIM 43-4099] "/home/23EC01002/SoC-Design-RConvCoTM-patch-4/RCTM_DV/after_vac_wrapper/after_vac_wrapper.srcs/sources_1/new/soclabs_ahb_aes128_ctrl.v" Line 12. Module soclabs_ahb_aes128_ctrl_default doesn't have a timescale but at least one module in design has a timescale.
WARNING: [XSIM 43-4099] "/home/23EC01002/SoC-Design-RConvCoTM-patch-4/RCTM_DV/after_vac_wrapper/after_vac_wrapper.srcs/sources_1/new/soclabs_ahb_aes128_ctrl.v" Line 461. Module soclabs_iobuf_reg128(WRITE_ONLY=1) doesn't have a timescale but at least one module in design has a timescale.
WARNING: [XSIM 43-4099] "/home/23EC01002/SoC-Design-RConvCoTM-patch-4/RCTM_DV/after_vac_wrapper/after_vac_wrapper.srcs/sources_1/new/soclabs_ahb_aes128_ctrl.v" Line 461. Module soclabs_iobuf_reg128 doesn't have a timescale but at least one module in design has a timescale.
WARNING: [XSIM 43-4099] "/home/23EC01002/SoC-Design-RConvCoTM-patch-4/RCTM_DV/after_vac_wrapper/after_vac_wrapper.srcs/sources_1/new/soclabs_ahb_aes128_ctrl.v" Line 12. Module soclabs_ahb_aes128_ctrl_default doesn't have a timescale but at least one module in design has a timescale.
WARNING: [XSIM 43-4099] "/home/23EC01002/SoC-Design-RConvCoTM-patch-4/RCTM_DV/after_vac_wrapper/after_vac_wrapper.srcs/sources_1/new/soclabs_ahb_aes128_ctrl.v" Line 461. Module soclabs_iobuf_reg128(WRITE_ONLY=1) doesn't have a timescale but at least one module in design has a timescale.
WARNING: [XSIM 43-4099] "/home/23EC01002/SoC-Design-RConvCoTM-patch-4/RCTM_DV/after_vac_wrapper/after_vac_wrapper.srcs/sources_1/new/soclabs_ahb_aes128_ctrl.v" Line 461. Module soclabs_iobuf_reg128 doesn't have a timescale but at least one module in design has a timescale.
Completed simulation data flow analysis
Time Resolution for simulation is 1ps
Compiling module xil_defaultlib.soclabs_iobuf_reg128(WRITE_ONLY=...
Compiling module xil_defaultlib.soclabs_iobuf_reg128
Compiling module xil_defaultlib.soclabs_ahb_aes128_ctrl_default
Compiling module xil_defaultlib.tb_ahb_ip_wrapper_dma_irq
Compiling module xil_defaultlib.glbl
Built simulation snapshot tb_ahb_ip_wrapper_dma_irq_behav
